---
apiVersion: v1
kind: Namespace
metadata:
  name: podtato-kubectl
---
apiVersion: apps/v1
kind: Deployment
metadata:
  labels:
    app: podtato-head
  name: podtato-head-entry
  namespace: podtato-kubectl
spec:
  selector:
    matchLabels:
      component: podtato-head-entry
  template:
    metadata:
      labels:
        component: podtato-head-entry
    spec:
      containers:
      - env:
        - name: PODTATO_PORT
          value: "9000"
        image: ghcr.io/podtato-head/entry:0.2.1
        imagePullPolicy: Always
        name: server
        ports:
        - containerPort: 9000
      terminationGracePeriodSeconds: 5
---
apiVersion: v1
kind: Service
metadata:
  labels:
    app: podtato-head
  name: podtato-head-entry
  namespace: podtato-kubectl
spec:
  ports:
  - name: http
    port: 9000
  selector:
    component: podtato-head-entry
  type: LoadBalancer
---
apiVersion: apps/v1
kind: Deployment
metadata:
  labels:
    app: podtato-head
  name: podtato-head-hat
  namespace: podtato-kubectl
spec:
  selector:
    matchLabels:
      component: podtato-head-hat
  template:
    metadata:
      labels:
        component: podtato-head-hat
    spec:
      containers:
      - env:
        - name: PODTATO_PORT
          value: "9000"
        image: ghcr.io/podtato-head/hat:0.2.1
        imagePullPolicy: Always
        name: server
        ports:
        - containerPort: 9000
      terminationGracePeriodSeconds: 5
---
apiVersion: v1
kind: Service
metadata:
  labels:
    app: podtato-head
  name: podtato-head-hat
  namespace: podtato-kubectl
spec:
  ports:
  - name: http
    port: 9001
    targetPort: 9000
  selector:
    component: podtato-head-hat
---
apiVersion: apps/v1
kind: Deployment
metadata:
  labels:
    app: podtato-head
  name: podtato-head-left-leg
  namespace: podtato-kubectl
spec:
  selector:
    matchLabels:
      component: podtato-head-left-leg
  template:
    metadata:
      labels:
        component: podtato-head-left-leg
    spec:
      containers:
      - env:
        - name: PODTATO_PORT
          value: "9000"
        image: ghcr.io/podtato-head/left-leg:0.2.1
        imagePullPolicy: Always
        name: server
        ports:
        - containerPort: 9000
      terminationGracePeriodSeconds: 5
---
apiVersion: v1
kind: Service
metadata:
  labels:
    app: podtato-head
  name: podtato-head-left-leg
  namespace: podtato-kubectl
spec:
  ports:
  - name: http
    port: 9002
    targetPort: 9000
  selector:
    component: podtato-head-left-leg
---
apiVersion: apps/v1
kind: Deployment
metadata:
  labels:
    app: podtato-head
  name: podtato-head-left-arm
  namespace: podtato-kubectl
spec:
  selector:
    matchLabels:
      component: podtato-head-left-arm
  template:
    metadata:
      labels:
        component: podtato-head-left-arm
    spec:
      containers:
      - env:
        - name: PODTATO_PORT
          value: "9000"
        image: ghcr.io/podtato-head/left-arm:0.2.1
        imagePullPolicy: Always
        name: server
        ports:
        - containerPort: 9000
      terminationGracePeriodSeconds: 5
---
apiVersion: v1
kind: Service
metadata:
  labels:
    app: podtato-head
  name: podtato-head-left-arm
  namespace: podtato-kubectl
spec:
  ports:
  - name: http
    port: 9003
    targetPort: 9000
  selector:
    component: podtato-head-left-arm
---
apiVersion: apps/v1
kind: Deployment
metadata:
  labels:
    app: podtato-head
  name: podtato-head-right-leg
  namespace: podtato-kubectl
spec:
  selector:
    matchLabels:
      component: podtato-head-right-leg
  template:
    metadata:
      labels:
        component: podtato-head-right-leg
    spec:
      containers:
      - env:
        - name: PODTATO_PORT
          value: "9000"
        image: ghcr.io/podtato-head/right-leg:0.2.1
        imagePullPolicy: Always
        name: server
        ports:
        - containerPort: 9000
      terminationGracePeriodSeconds: 5
---
apiVersion: v1
kind: Service
metadata:
  labels:
    app: podtato-head
  name: podtato-head-right-leg
  namespace: podtato-kubectl
spec:
  ports:
  - name: http
    port: 9004
    targetPort: 9000
  selector:
    component: podtato-head-right-leg
---
apiVersion: apps/v1
kind: Deployment
metadata:
  labels:
    app: podtato-head
  name: podtato-head-right-arm
  namespace: podtato-kubectl
spec:
  selector:
    matchLabels:
      component: podtato-head-right-arm
  template:
    metadata:
      labels:
        component: podtato-head-right-arm
    spec:
      containers:
      - env:
        - name: PODTATO_PORT
          value: "9000"
        image: ghcr.io/podtato-head/right-arm:0.2.1
        imagePullPolicy: Always
        name: server
        ports:
        - containerPort: 9000
      terminationGracePeriodSeconds: 5
---
apiVersion: v1
kind: Service
metadata:
  labels:
    app: podtato-head
  name: podtato-head-right-arm
  namespace: podtato-kubectl
spec:
  ports:
  - name: http
    port: 9005
    targetPort: 9000
  selector:
    component: podtato-head-right-arm
